// Jest Snapshot v1, https://goo.gl/fbAQLP

exports[`<Card /> should correctly render 1`] = `
<div
  className="ui-card custom-class"
/>
`;
