// Jest Snapshot v1, https://goo.gl/fbAQLP

exports[`<Router /> should correctly render 1`] = `
<div>
  HOME
</div>
`;
