// Jest Snapshot v1, https://goo.gl/fbAQLP

exports[`<NotFound /> should correctly render 1`] = `
<section
  className="not-found"
>
  <div
    className="ui-card "
  >
    <p>
      Sorry, page not found :(
    </p>
  </div>
</section>
`;
